﻿  姝ｅ湪纭畾瑕佽繕鍘熺殑椤圭洰鈥?
  宸茶繕鍘?D:\鑷缓\椤圭洰\ef\src\04-Application\EfCore.Enterprise.Application\EfCore.Enterprise.Application.csproj (鐢ㄦ椂 436 姣)銆?
  宸茶繕鍘?D:\鑷缓\椤圭洰\ef\src\05-Presentation\EfCore.Enterprise.Presentation\EfCore.Enterprise.Presentation.csproj (鐢ㄦ椂 436 姣)銆?
  宸茶繕鍘?D:\鑷缓\椤圭洰\ef\tests\06-Tests\EfCore.Enterprise.Tests\EfCore.Enterprise.Tests.csproj (鐢ㄦ椂 442 姣)銆?
  3 涓」鐩?鍏?6 涓?鏄渶鏂扮殑锛屾棤娉曡繕鍘熴€?
C:\Program Files\dotnet\sdk\10.0.300-preview.0.26177.108\Sdks\Microsoft.NET.Sdk\targets\Microsoft.NET.RuntimeIdentifierInference.targets(383,5): message NETSDK1057: 浣犳鍦ㄤ娇鐢?.NET 鐨勯瑙堢増銆傝鍙傞槄 https://aka.ms/dotnet-support-policy [D:\鑷缓\椤圭洰\ef\src\03-Infrastructure\EfCore.Enterprise.Infrastructure\EfCore.Enterprise.Infrastructure.csproj]
C:\Program Files\dotnet\sdk\10.0.300-preview.0.26177.108\Sdks\Microsoft.NET.Sdk\targets\Microsoft.NET.RuntimeIdentifierInference.targets(383,5): message NETSDK1057: 浣犳鍦ㄤ娇鐢?.NET 鐨勯瑙堢増銆傝鍙傞槄 https://aka.ms/dotnet-support-policy [D:\鑷缓\椤圭洰\ef\src\02-Shared\EfCore.Enterprise.Shared\EfCore.Enterprise.Shared.csproj]
C:\Program Files\dotnet\sdk\10.0.300-preview.0.26177.108\Sdks\Microsoft.NET.Sdk\targets\Microsoft.NET.RuntimeIdentifierInference.targets(383,5): message NETSDK1057: 浣犳鍦ㄤ娇鐢?.NET 鐨勯瑙堢増銆傝鍙傞槄 https://aka.ms/dotnet-support-policy [D:\鑷缓\椤圭洰\ef\tests\06-Tests\EfCore.Enterprise.Tests\EfCore.Enterprise.Tests.csproj]
C:\Program Files\dotnet\sdk\10.0.300-preview.0.26177.108\Sdks\Microsoft.NET.Sdk\targets\Microsoft.NET.RuntimeIdentifierInference.targets(383,5): message NETSDK1057: 浣犳鍦ㄤ娇鐢?.NET 鐨勯瑙堢増銆傝鍙傞槄 https://aka.ms/dotnet-support-policy [D:\鑷缓\椤圭洰\ef\src\05-Presentation\EfCore.Enterprise.Presentation\EfCore.Enterprise.Presentation.csproj]
C:\Program Files\dotnet\sdk\10.0.300-preview.0.26177.108\Sdks\Microsoft.NET.Sdk\targets\Microsoft.NET.RuntimeIdentifierInference.targets(383,5): message NETSDK1057: 浣犳鍦ㄤ娇鐢?.NET 鐨勯瑙堢増銆傝鍙傞槄 https://aka.ms/dotnet-support-policy [D:\鑷缓\椤圭洰\ef\src\04-Application\EfCore.Enterprise.Application\EfCore.Enterprise.Application.csproj]
  EfCore.Enterprise.Shared -> d:\鑷缓\椤圭洰\ef\src\02-Shared\EfCore.Enterprise.Shared\bin\Debug\net8.0\EfCore.Enterprise.Shared.dll
C:\Program Files\dotnet\sdk\10.0.300-preview.0.26177.108\Sdks\Microsoft.NET.Sdk\targets\Microsoft.NET.RuntimeIdentifierInference.targets(383,5): message NETSDK1057: 浣犳鍦ㄤ娇鐢?.NET 鐨勯瑙堢増銆傝鍙傞槄 https://aka.ms/dotnet-support-policy [D:\鑷缓\椤圭洰\ef\src\01-Domain\EfCore.Enterprise.Domain\EfCore.Enterprise.Domain.csproj]
  EfCore.Enterprise.Domain -> D:\鑷缓\椤圭洰\ef\src\01-Domain\EfCore.Enterprise.Domain\bin\Debug\net8.0\EfCore.Enterprise.Domain.dll
  EfCore.Enterprise.Infrastructure -> d:\鑷缓\椤圭洰\ef\src\03-Infrastructure\EfCore.Enterprise.Infrastructure\bin\Debug\net8.0\EfCore.Enterprise.Infrastructure.dll
  EfCore.Enterprise.Application -> D:\鑷缓\椤圭洰\ef\src\04-Application\EfCore.Enterprise.Application\bin\Debug\net8.0\EfCore.Enterprise.Application.dll
  EfCore.Enterprise.Tests -> D:\鑷缓\椤圭洰\ef\tests\06-Tests\EfCore.Enterprise.Tests\bin\Debug\net8.0\EfCore.Enterprise.Tests.dll
  EfCore.Enterprise.Presentation -> D:\鑷缓\椤圭洰\ef\src\05-Presentation\EfCore.Enterprise.Presentation\bin\Debug\net8.0\EfCore.Enterprise.Presentation.dll

宸叉垚鍔熺敓鎴愩€?
    0 涓鍛?
    0 涓敊璇?

宸茬敤鏃堕棿 00:00:12.24
